// Jest Snapshot v1, https://goo.gl/fbAQLP

exports[`renders userpage 1`] = `
<div
  className="_item"
>
  <div
    className="MuiPaper-root MuiPaper-elevation1 MuiCard-root makeStyles-card-1 MuiPaper-rounded"
  >
    <div
      className="_head"
    >
      <img
        alt="Item Image"
        className="MuiCardMedia-root makeStyles-media-2 MuiCardMedia-media MuiCardMedia-img"
        src="https://dummyimage.com/600x400/000/fff"
      />
      <h2
        className="_title"
      >
        test Title
      </h2>
      <div
        className="_description"
        color="textSecondary"
      />
    </div>
    <div
      className="MuiCardActions-root MuiCardActions-spacing"
    >
      <p
        id="_price"
      >
        ,-
      </p>
    </div>
  </div>
</div>
`;
